WARNING : Using CLI version 2.20.0 but project's `requirements.txt`
WARNING : is configured to use 2.33.0. Consider either installing
WARNING : CLI version 2.33.0 or running `pretext update`
WARNING : to update `requirements.txt` and other managed files to match 2.20.0.
INFO    : Building target web
INFO    : XSL conversion of /home/sk/Desktop/calphysii/source/main.ptx by /home/sk/.ptx/2.20.0/core/xsl/utilities/pretext-enhanced-source.xsl
INFO    : successful application of /home/sk/.ptx/2.20.0/core/xsl/utilities/pretext-enhanced-source.xsl
INFO    : Generating any needed assets.
INFO    : XSL conversion of /home/sk/Desktop/calphysii/source/main.ptx by /home/sk/.ptx/2.20.0/core/xsl/utilities/pretext-enhanced-source.xsl
INFO    : successful application of /home/sk/.ptx/2.20.0/core/xsl/utilities/pretext-enhanced-source.xsl
INFO    : XSL conversion of /home/sk/Desktop/calphysii/source/main.ptx by /home/sk/.ptx/2.20.0/core/xsl/utilities/pretext-enhanced-source.xsl
INFO    : successful application of /home/sk/.ptx/2.20.0/core/xsl/utilities/pretext-enhanced-source.xsl
INFO    : XSL conversion of /home/sk/Desktop/calphysii/source/main.ptx by /home/sk/.ptx/2.20.0/core/xsl/utilities/pretext-enhanced-source.xsl
INFO    : successful application of /home/sk/.ptx/2.20.0/core/xsl/utilities/pretext-enhanced-source.xsl
INFO    : XSL conversion of /home/sk/Desktop/calphysii/source/main.ptx by /home/sk/.ptx/2.20.0/core/xsl/utilities/pretext-enhanced-source.xsl
INFO    : successful application of /home/sk/.ptx/2.20.0/core/xsl/utilities/pretext-enhanced-source.xsl
INFO    : XSL conversion of /home/sk/Desktop/calphysii/source/main.ptx by /home/sk/.ptx/2.20.0/core/xsl/utilities/pretext-enhanced-source.xsl
INFO    : successful application of /home/sk/.ptx/2.20.0/core/xsl/utilities/pretext-enhanced-source.xsl
INFO    : XSL conversion of /home/sk/Desktop/calphysii/source/main.ptx by /home/sk/.ptx/2.20.0/core/xsl/utilities/pretext-enhanced-source.xsl
INFO    : successful application of /home/sk/.ptx/2.20.0/core/xsl/utilities/pretext-enhanced-source.xsl
INFO    : XSL conversion of /home/sk/Desktop/calphysii/source/main.ptx by /home/sk/.ptx/2.20.0/core/xsl/utilities/pretext-enhanced-source.xsl
INFO    : successful application of /home/sk/.ptx/2.20.0/core/xsl/utilities/pretext-enhanced-source.xsl
INFO    : XSL conversion of /home/sk/Desktop/calphysii/source/main.ptx by /home/sk/.ptx/2.20.0/core/xsl/utilities/pretext-enhanced-source.xsl
INFO    : successful application of /home/sk/.ptx/2.20.0/core/xsl/utilities/pretext-enhanced-source.xsl
INFO    : XSL conversion of /home/sk/Desktop/calphysii/source/main.ptx by /home/sk/.ptx/2.20.0/core/xsl/utilities/pretext-enhanced-source.xsl
INFO    : successful application of /home/sk/.ptx/2.20.0/core/xsl/utilities/pretext-enhanced-source.xsl
INFO    : XSL conversion of /home/sk/Desktop/calphysii/source/main.ptx by /home/sk/.ptx/2.20.0/core/xsl/utilities/pretext-enhanced-source.xsl
INFO    : successful application of /home/sk/.ptx/2.20.0/core/xsl/utilities/pretext-enhanced-source.xsl
INFO    : XSL conversion of /home/sk/Desktop/calphysii/source/main.ptx by /home/sk/.ptx/2.20.0/core/xsl/utilities/pretext-enhanced-source.xsl
INFO    : successful application of /home/sk/.ptx/2.20.0/core/xsl/utilities/pretext-enhanced-source.xsl
INFO    : XSL conversion of /home/sk/Desktop/calphysii/source/main.ptx by /home/sk/.ptx/2.20.0/core/xsl/utilities/pretext-enhanced-source.xsl
INFO    : successful application of /home/sk/.ptx/2.20.0/core/xsl/utilities/pretext-enhanced-source.xsl
INFO    : XSL conversion of /home/sk/Desktop/calphysii/source/main.ptx by /home/sk/.ptx/2.20.0/core/xsl/utilities/pretext-enhanced-source.xsl
INFO    : successful application of /home/sk/.ptx/2.20.0/core/xsl/utilities/pretext-enhanced-source.xsl
INFO    : XSL conversion of /home/sk/Desktop/calphysii/source/main.ptx by /home/sk/.ptx/2.20.0/core/xsl/utilities/pretext-enhanced-source.xsl
INFO    : successful application of /home/sk/.ptx/2.20.0/core/xsl/utilities/pretext-enhanced-source.xsl
INFO    : Finished generating assets.

INFO    : Preparing to build into /home/sk/Desktop/calphysii/output/web.
INFO    : discovering source file's directory name: /home/sk/Desktop/calphysii/source
INFO    : verifying and expanding input directory: /home/sk/Desktop/calphysii/source/../generated-assets
INFO    : input directory expanded to absolute path: /home/sk/Desktop/calphysii/generated-assets
INFO    : verifying and expanding input directory: /home/sk/Desktop/calphysii/source/../assets
INFO    : input directory expanded to absolute path: /home/sk/Desktop/calphysii/assets
INFO    : XSL conversion of /home/sk/Desktop/calphysii/source/main.ptx by /home/sk/.ptx/2.20.0/core/xsl/utilities/report-publisher-variables.xsl
INFO    : successful application of /home/sk/.ptx/2.20.0/core/xsl/utilities/report-publisher-variables.xsl
INFO    : Downloading rs services file from https://runestone.academy/cdn/runestone/latest/webpack_static_imports.xml.
INFO    : Runestone Services via online CDN query: version 7.11.1
INFO    : Downloading Runestone Services, version 7.11.1
INFO    : Extracting Runestone Services from archive file
INFO    : Building custom css theme: theme-default-modern
INFO    : converting /home/sk/Desktop/calphysii/source/main.ptx to HTML in /tmp/ptx-gmz427j0
INFO    : XSL conversion of /home/sk/Desktop/calphysii/source/main.ptx by /home/sk/.ptx/2.20.0/core/xsl/pretext-html.xsl
INFO    : messages from the log for XSL processing:
INFO    : * PTX:INFO:   checking ONLY the last TWO YEARS of element deprecations.
Rerun with the string parameter "author.deprecations.all" set to "yes" to check your source against all deprecations.
INFO    : successful application of /home/sk/.ptx/2.20.0/core/xsl/pretext-html.xsl
INFO    : Removing temporary directory /tmp/ptx-gmz427j0
INFO    : Removing temporary directory /tmp/ptx-l876ly6d
INFO    : 
Success! Run `pretext view web` to see the results.

INFO    : 
